V3 3
FL C:/Xilinx/RD/rdgenerator.vhd 2014/11/28.15:40:03 K.39
EN work/Random 1417156806 FL C:/Xilinx/RD/rdgenerator.vhd PB ieee/std_logic_1164 1217055545 \
      PB ieee/std_logic_arith 1217055546 PB ieee/STD_LOGIC_UNSIGNED 1217055547
AR work/Random/Behavioral 1417156807 \
      FL C:/Xilinx/RD/rdgenerator.vhd EN work/Random 1417156806
