--------------------------------------------------------------------------------
Release 10.1.03 Trace  (nt)
Copyright (c) 1995-2008 Xilinx, Inc.  All rights reserved.

C:\Xilinx\10.1\ISE\bin\nt\unwrapped\trce.exe -ise
C:/Xilinx/CodeConverter/Binary/Binary.ise -intstyle ise -v 3 -s 5 -xml Binary
Binary.ncd -o Binary.twr Binary.pcf -ucf Binary.ucf

Design file:              Binary.ncd
Physical constraint file: Binary.pcf
Device,package,speed:     xc2s100,pq208,-5 (PRODUCTION 1.27 2008-01-09)
Report level:             verbose report

Environment Variable      Effect 
--------------------      ------ 
NONE                      No environment variables were set
--------------------------------------------------------------------------------

INFO:Timing:2698 - No timing constraints found, doing default enumeration.
INFO:Timing:2752 - To get complete path coverage, use the unconstrained paths 
   option. All paths that are not constrained will be reported in the 
   unconstrained paths section(s) of the report.
INFO:Timing:3339 - The clock-to-out numbers in this timing report are based on 
   a 50 Ohm transmission line loading model.  For the details of this model, 
   and for more information on accounting for different loading conditions, 
   please see the device datasheet.



Data Sheet report:
-----------------
All values displayed in nanoseconds (ns)

Pad to Pad
---------------+---------------+---------+
Source Pad     |Destination Pad|  Delay  |
---------------+---------------+---------+
binary_in<0>   |binary_out<0>  |   10.528|
binary_in<1>   |binary_out<1>  |   11.129|
binary_in<2>   |binary_out<0>  |   10.389|
binary_in<2>   |binary_out<1>  |   11.180|
binary_in<2>   |binary_out<2>  |   10.775|
binary_in<3>   |binary_out<0>  |   10.436|
binary_in<3>   |binary_out<1>  |   11.953|
binary_in<3>   |binary_out<2>  |   11.478|
binary_in<3>   |binary_out<3>  |    8.911|
---------------+---------------+---------+


Analysis completed Thu Oct 09 14:15:27 2014 
--------------------------------------------------------------------------------

Trace Settings:
-------------------------
Trace Settings 

Peak Memory Usage: 133 MB



