V3 3
FL C:/Xilinx/CodeConverter/Binary/Binary.vhd 2014/10/09.14:12:53 K.39
EN work/Binary 1412831576 FL C:/Xilinx/CodeConverter/Binary/Binary.vhd \
      PB ieee/std_logic_1164 1217055545 PB ieee/std_logic_arith 1217055546 \
      PB ieee/STD_LOGIC_UNSIGNED 1217055547
AR work/Binary/Behavioral 1412831577 \
      FL C:/Xilinx/CodeConverter/Binary/Binary.vhd EN work/Binary 1412831576
