Asterisk (*) preceding a constraint indicates it was not met.
   This may be due to a setup or hold violation.

------------------------------------------------------------------------------------------------------
  Constraint                                |  Check  | Worst Case |  Best Case | Timing |   Timing   
                                            |         |    Slack   | Achievable | Errors |    Score   
------------------------------------------------------------------------------------------------------
  Autotimespec constraint for clock net FPG | SETUP   |         N/A|     8.268ns|     N/A|           0
  A_CLK_TMP                                 | HOLD    |     3.517ns|            |       0|           0
------------------------------------------------------------------------------------------------------
  Autotimespec constraint for clock net u1/ | SETUP   |         N/A|     6.967ns|     N/A|         200
  clk_1khz                                  | HOLD    |     3.164ns|            |       0|           0
------------------------------------------------------------------------------------------------------
  Autotimespec constraint for clock net u2/ | SETUP   |         N/A|     5.232ns|     N/A|        2392
  clk_2hz                                   | HOLD    |     3.020ns|            |       0|           0
------------------------------------------------------------------------------------------------------


2 constraints not met.
INFO:Timing:2761 - N/A entries in the Constraints list may indicate that the 
   constraint does not cover any paths or that it has no requested value.


