V3 27
FL D:/Stop_Watch/Stopw/atch/wefwef/CNT_1TO6.VHD 2014/11/19.20:59:55 K.39
EN work/Cnt_OneToSix 1416398667 FL D:/Stop_Watch/Stopw/atch/wefwef/CNT_1TO6.VHD \
      PB ieee/std_logic_1164 1217055545 PB ieee/STD_LOGIC_UNSIGNED 1217055547
AR work/Cnt_OneToSix/beh 1416398668 \
      FL D:/Stop_Watch/Stopw/atch/wefwef/CNT_1TO6.VHD EN work/Cnt_OneToSix 1416398667
FL D:/Stop_Watch/Stopw/atch/wefwef/COUNTER.VHD 2014/11/19.20:53:31 K.39
EN work/counter 1416398663 FL D:/Stop_Watch/Stopw/atch/wefwef/COUNTER.VHD \
      PB ieee/std_logic_1164 1217055545
AR work/counter/design 1416398664 \
      FL D:/Stop_Watch/Stopw/atch/wefwef/COUNTER.VHD EN work/counter 1416398663
FL D:/Stop_Watch/Stopw/atch/wefwef/DEBOUNCE.VHD 2005/01/15.21:53:14 K.39
EN work/debounce 1416398661 FL D:/Stop_Watch/Stopw/atch/wefwef/DEBOUNCE.VHD \
      PB ieee/std_logic_1164 1217055545
AR work/debounce/design 1416398662 \
      FL D:/Stop_Watch/Stopw/atch/wefwef/DEBOUNCE.VHD EN work/debounce 1416398661
FL D:/Stop_Watch/Stopw/atch/wefwef/INT2SEG1.VHD 2005/01/15.21:53:14 K.39
EN work/int2seg1 1416398657 FL D:/Stop_Watch/Stopw/atch/wefwef/INT2SEG1.VHD \
      PB ieee/std_logic_1164 1217055545
AR work/int2seg1/behavior 1416398658 \
      FL D:/Stop_Watch/Stopw/atch/wefwef/INT2SEG1.VHD EN work/int2seg1 1416398657
FL D:/Stop_Watch/Stopw/atch/wefwef/INT2SEG2.VHD 2014/11/19.21:04:15 K.39
EN work/int2seg2 1416398665 FL D:/Stop_Watch/Stopw/atch/wefwef/INT2SEG2.VHD \
      PB ieee/std_logic_1164 1217055545
AR work/int2seg2/design 1416398666 \
      FL D:/Stop_Watch/Stopw/atch/wefwef/INT2SEG2.VHD EN work/int2seg2 1416398665 \
      CP int2seg1
FL D:/Stop_Watch/Stopw/atch/wefwef/STPWATCH.VHD 2014/11/19.21:02:54 K.39
EN work/StopWatch_02 1416398669 FL D:/Stop_Watch/Stopw/atch/wefwef/STPWATCH.VHD \
      PB ieee/std_logic_1164 1217055545 PB ieee/STD_LOGIC_UNSIGNED 1217055547 \
      PB ieee/std_logic_arith 1217055546
AR work/StopWatch_02/structural 1416398670 \
      FL D:/Stop_Watch/Stopw/atch/wefwef/STPWATCH.VHD EN work/StopWatch_02 1416398669 \
      CP TimeBase_Gen2 CP debounce CP counter CP int2seg2 CP Cnt_OneToSix
FL D:/Stop_Watch/Stopw/atch/wefwef/TIMEBASE2.VHD 2014/11/19.20:59:06 K.39
EN work/TimeBase_Gen2 1416398659 FL D:/Stop_Watch/Stopw/atch/wefwef/TIMEBASE2.VHD \
      PB ieee/std_logic_1164 1217055545 PB ieee/STD_LOGIC_UNSIGNED 1217055547
AR work/TimeBase_Gen2/beh_timebase 1416398660 \
      FL D:/Stop_Watch/Stopw/atch/wefwef/TIMEBASE2.VHD EN work/TimeBase_Gen2 1416398659
