AR limit_count behavioral C:/Xilinx/Test/Limit_count.vhd sub00/vhpl03 1416398043
EN action_count NULL C:/Xilinx/Test/Action_count.vhd sub00/vhpl00 1416397747
EN limit_count NULL C:/Xilinx/Test/Limit_count.vhd sub00/vhpl02 1416398042
AR action_count behavioral C:/Xilinx/Test/Action_count.vhd sub00/vhpl01 1416397748
