V3 3
FL C:/Xilinx/CodeConverter/Gray/gray.vhd 2014/10/09.17:32:46 K.39
EN work/gray 1412843571 FL C:/Xilinx/CodeConverter/Gray/gray.vhd \
      PB ieee/std_logic_1164 1217055545 PB ieee/std_logic_arith 1217055546 \
      PB ieee/STD_LOGIC_UNSIGNED 1217055547
AR work/gray/Behavioral 1412843572 \
      FL C:/Xilinx/CodeConverter/Gray/gray.vhd EN work/gray 1412843571
